Importing i2c based on 3.0-git5
Unchanged quilt series i2c
Importing jdelvare-hwmon based on 3.0-git5
Unchanged quilt series jdelvare-hwmon
Importing kernel-doc based on 3.0
$ git clone -s -l -n -q . ../quilt-tmp
$ cd ../quilt-tmp
$ git reset --hard 02f8c6aee8df3cdc935e9bdd4f2d020306035dbe
HEAD is now at 02f8c6a Linux 3.0
$ git am ../quilt/kernel-doc/docum-submitpatch-spello.patch
Applying: Fixed a spelling error.
$ git am ../quilt/kernel-doc/docum-kerneldocs-remove-lsd.patch
Applying: Dropping LSD (Linux Source Driver) since it hasn't been available
$ git am ../quilt/kernel-doc/docum-arm-user-debug.patch
Applying: Usually kernel parameters are documented in kernel-parameters.txt
$ git am ../quilt/kernel-doc/docum-add-arch-flags.patch
Applying: General cleanups to kernel-parameters.txt:
$ git am ../quilt/kernel-doc/docum-email-clients-tbird-update.patch
Applying: Add better Thunderbird information.
$ git am ../quilt/kernel-doc/docum-add-ramoops.patch
Applying: Add a documentation file describing the usage of Ramoops
$ git am ../quilt/kernel-doc/docum-submitdrivers-gittree.patch
Applying: Change resource URL to new git tree -
$ git am ../quilt/kernel-doc/docum-befs-nomaint.patch
Applying: Remove the name of Sergey Kostyliov as maintainer of befs.
$ cd ../next
$ git fetch -f ../quilt-tmp master:quilt/kernel-doc
From ../quilt-tmp
 + c44ff13...5211be7 master     -> quilt/kernel-doc  (forced update)
Importing rr based on v3.0-6862-g3da3f87
Unchanged quilt series rr
Importing device-mapper based on v3.1-rc1
Unchanged quilt series device-mapper
Importing i2c based on 3.0-git5
Unchanged quilt series i2c
Importing jdelvare-hwmon based on 3.0-git5
Unchanged quilt series jdelvare-hwmon
Importing kernel-doc based on 3.0
Unchanged quilt series kernel-doc
Importing rr based on v3.0-6862-g3da3f87
Unchanged quilt series rr
Importing device-mapper based on v3.1-rc1
$ git clone -s -l -n -q . ../quilt-tmp
$ cd ../quilt-tmp
$ git reset --hard 322a8b034003c0d46d39af85bf24fee27b902f48
HEAD is now at 322a8b0 Linux 3.1-rc1
$ git am ../quilt/device-mapper/dm-flakey-fix-corrupt_bio_byte-error-path.patch
Applying: If no arguments were provided to the corrupt_bio_byte feature an error
$ git am ../quilt/device-mapper/dm-table-avoid-crash-if-integrity-profile-changes.patch
Applying: Commit a63a5cf (dm: improve block integrity support) introduced a
$ git am ../quilt/device-mapper/dm-table-propagate-non-rotational-flag.patch
Applying: Allow QUEUE_FLAG_NONROT to propagate up the device stack if all
$ git am ../quilt/device-mapper/dm-raid-fix-write_mostly-arg-validation.patch
Applying: Fix off-by-one error in validation of write_mostly.
$ git am ../quilt/device-mapper/dm-crypt-always-disable-discard_zeroes_data.patch
Applying: If optional discard support in dm-crypt is enabled, discards requests
$ git am ../quilt/device-mapper/dm-use-local-printk-ratelimit.patch
Applying: printk_ratelimit() shares global ratelimiting state with all
$ git am ../quilt/device-mapper/dm-kcopyd-add-dm_kcopyd_zero-to-zero-an-area.patch
Applying: This patch introduces dm_kcopyd_zero() to make it easy to use
$ git am ../quilt/device-mapper/dm-table-add-singleton-feature.patch
Applying: Introduce the concept of a singleton table which contains exactly one target.
$ git am ../quilt/device-mapper/dm-table-add-always-writeable-feature.patch
Applying: Add a target feature flag to indicate that a target does not work in
$ git am ../quilt/device-mapper/dm-export-dm-get-md.patch
Applying: Export dm_get_md() for the new thin provisioning target to use.
$ git am ../quilt/device-mapper/dm-add-persistent-data-library.patch
Applying: The persistent-data library offers a re-usable framework for the storage
/home/sfr/kernels/next/quilt-tmp/.git/rebase-apply/patch:3273: new blank line at EOF.
+
warning: 1 line adds whitespace errors.
$ git am ../quilt/device-mapper/dm-add-thin-provisioning-target.patch
Applying: Initial EXPERIMENTAL implementation of device-mapper thin provisioning
/home/sfr/kernels/next/quilt-tmp/.git/rebase-apply/patch:239: space before tab in indent.
   	Create a new snapshot of another thinly-provisioned device.
warning: 1 line adds whitespace errors.
$ cd ../next
$ git fetch -f ../quilt-tmp master:quilt/device-mapper
From ../quilt-tmp
 + adfdd5f...ed77123 master     -> quilt/device-mapper  (forced update)
