Importing i2c based on 5b716ac728bcc01b1f2a7ed6e437196602237c27
$ git clone -s -l -n -q . ../quilt-tmp
$ cd ../quilt-tmp
$ git reset --hard 5b716ac728bcc01b1f2a7ed6e437196602237c27
HEAD is now at 5b716ac Merge branch 'for-next' of git://git.samba.org/sfrench/cifs-2.6
$ git am ../quilt/i2c/i2c-i801-add-device-ids-for-intel-lynx-point-lp-pch.patch
Applying: i2c-i801: Add Device IDs for Intel Lynx Point-LP PCH
$ git am ../quilt/i2c/i2c-designware-fix-build-error-if-platform-y-and-pci-y.patch
Applying: i2c-designware: Fix build error if CONFIG_I2C_DESIGNWARE_PLATFORM=y && CONFIG_I2C_DESIGNWARE_PCI=y
$ git am ../quilt/i2c/i2c-core-fix-for-dep-lock-validator.patch
Applying: i2c-core: Fix for lockdep validator
$ git am ../quilt/i2c/i2c-mux-support-class.patch
Applying: i2c-mux: Add support for device auto-detection
$ git am ../quilt/i2c/i2c-i801-asus-multiplexing-2.patch
Applying: i2c-i801: Support SMBus multiplexing on Asus Z8 series
$ git am ../quilt/i2c/i2c-smbus-convert-kzalloc-to-devm_kzalloc.patch
Applying: i2c-smbus: Convert kzalloc to devm_kzalloc
$ git am ../quilt/i2c/i2c-convert-struct-i2c_msg-initialization-to-c99-format.patch
Applying: i2c: Convert struct i2c_msg initialization to C99 format
$ cd ../next
$ git fetch -f ../quilt-tmp master:quilt/i2c
From ../quilt-tmp
 + b054690...bf8c820 master     -> quilt/i2c  (forced update)
Importing jdelvare-hwmon based on 5b716ac728bcc01b1f2a7ed6e437196602237c27
Unchanged quilt series jdelvare-hwmon
Importing rr based on v3.6-rc1-133-g42a579a
Unchanged quilt series rr
Importing device-mapper based on v3.6-rc1
Unchanged quilt series device-mapper
