Importing i2c based on 3.1-rc2
	quilt series is empty
$ git update-ref refs/heads/quilt/i2c 93ee7a9340d64f20295aacc3fb6a22b759323280
Importing jdelvare-hwmon based on 3.1-rc2
	quilt series is empty
$ git update-ref refs/heads/quilt/jdelvare-hwmon 93ee7a9340d64f20295aacc3fb6a22b759323280
Importing kernel-doc based on 3.0
Unchanged quilt series kernel-doc
Importing rr based on v3.1-rc1-304-g91d85ea
$ git clone -s -l -n -q . ../quilt-tmp
$ cd ../quilt-tmp
$ git reset --hard 91d85ea6786107aa2837bef3e957165ad7c8b823
HEAD is now at 91d85ea Merge branch 'hwmon-for-linus' of git://git.kernel.org/pub/scm/linux/kernel/git/groeck/staging
$ git am ../quilt/rr/virtio-include-in-documentation.patch
Applying: virtio: Add text copy of spec to Documentation/virtual.
/home/sfr/kernels/next/quilt-tmp/.git/rebase-apply/patch:20: new blank line at EOF.
+
warning: 1 line adds whitespace errors.
$ git am ../quilt/rr/lguest-relocatable-fix-launcher.patch
Applying: lguest: allow booting guest with CONFIG_RELOCATABLE=y
$ git am ../quilt/rr/lguest-weaken-paravirt-restriction.patch
Applying: lguest: Allow running under paravirt-enabled KVM.
$ git am ../quilt/rr/lguest-remove-kvm-cpuid-signature.patch
Applying: lguest: don't allow KVM-detection cpuid.
$ git am ../quilt/rr/virtio:console_use_config_val_for_retrieving_config.patch
Applying: virtio-console: Use virtio_config_val() for retrieving config
$ git am ../quilt/rr/virtio:config_add_config_val_len.patch
Applying: virtio_config: Add virtio_config_val_len()
$ git am ../quilt/rr/virtio:net_use_config_val_for_retrieving_config.patch
Applying: virtio-net: Use virtio_config_val() for retrieving config
$ cd ../next
$ git fetch -f ../quilt-tmp master:quilt/rr
From ../quilt-tmp
 + b6ce750...69010e5 master     -> quilt/rr  (forced update)
Importing device-mapper based on v3.1-rc1
Unchanged quilt series device-mapper
