Importing i2c based on 3.0-git5
Unchanged quilt series i2c
Importing jdelvare-hwmon based on 3.0-git5
Unchanged quilt series jdelvare-hwmon
Importing kernel-doc based on 3.0
Unchanged quilt series kernel-doc
Importing rr based on v3.0-6862-g3da3f87
Unchanged quilt series rr
Importing device-mapper based on v3.0-7216-ged8f373
$ git clone -s -l -n -q . ../quilt-tmp
$ cd ../quilt-tmp
$ git reset --hard ed8f37370d83e695c0a4fa5d5fc7a83ecb947526
HEAD is now at ed8f373 Merge branch 'for-linus' of git://git.kernel.org/pub/scm/linux/kernel/git/mason/btrfs-unstable
$ git am ../quilt/device-mapper/dm-kcopyd-add-dm_kcopyd_zero-to-zero-an-area.patch
Applying: This patch introduces dm_kcopyd_zero() to make it easy to use
$ git am ../quilt/device-mapper/dm-table-add-singleton-feature.patch
Applying: Introduce the concept of a singleton table which contains exactly one target.
$ git am ../quilt/device-mapper/dm-table-add-always-writeable-feature.patch
Applying: Add a target feature flag to indicate that a target does not work in
$ git am ../quilt/device-mapper/dm-export-dm-get-md.patch
Applying: Export dm_get_md() for the new thin provisioning target to use.
$ git am ../quilt/device-mapper/dm-add-persistent-data-library.patch
Applying: The persistent-data library offers a re-usable framework for the storage
/home/sfr/kernels/next/quilt-tmp/.git/rebase-apply/patch:3257: new blank line at EOF.
+
warning: 1 line adds whitespace errors.
$ git am ../quilt/device-mapper/dm-add-thin-provisioning-target.patch
Applying: Initial EXPERIMENTAL implementation of device-mapper thin provisioning
/home/sfr/kernels/next/quilt-tmp/.git/rebase-apply/patch:238: space before tab in indent.
   	Create a new snapshot of another thinly-provisioned device.
warning: 1 line adds whitespace errors.
$ cd ../next
$ git fetch -f ../quilt-tmp master:quilt/device-mapper
From ../quilt-tmp
 + 057de3c...b5749fa master     -> quilt/device-mapper  (forced update)
