Importing hexagon based on v3.2-rc2
Unchanged quilt series hexagon
Importing i2c based on 3.2-rc4
$ git clone -s -l -n -q . ../quilt-tmp
$ cd ../quilt-tmp
$ git reset --hard 5611cc4572e889b62a7b4c72a413536bf6a9c416
HEAD is now at 5611cc45 Linux 3.2-rc4
$ git am ../quilt/i2c/i2c-busses-fix-error-paths.patch
Applying: i2c: Fix error value returned by several bus drivers
$ git am ../quilt/i2c/i2c-ali1535-enable-sparc-support.patch
Applying: i2c-ali1535: enable SPARC support
$ cd ../next
$ git fetch -f ../quilt-tmp master:quilt/i2c
From ../quilt-tmp
   caca6a0..78f8424  master     -> quilt/i2c
Importing jdelvare-hwmon based on 3.2-rc2
Unchanged quilt series jdelvare-hwmon
Importing kernel-doc based on 3.1
Unchanged quilt series kernel-doc
Importing rr based on v3.2-rc4
Unchanged quilt series rr
Importing device-mapper based on v3.1-10674-g94956ee
Unchanged quilt series device-mapper
