Importing i2c based on 3.7-rc1
$ git clone -s -l -n -q . ../quilt-tmp
$ cd ../quilt-tmp
$ git reset --hard ddffeb8c4d0331609ef2581d84de4d763607bd37
HEAD is now at ddffeb8 Linux 3.7-rc1
$ git am ../quilt/i2c/i2c-move-i2c-stub.patch
Applying: i2c-stub: Move to drivers/i2c
/home/sfr/kernels/next/quilt-tmp/.git/rebase-apply/patch:456: new blank line at EOF.
+
warning: 1 line adds whitespace errors.
$ cd /home/sfr/kernels/next/next
$ git fetch -f ../quilt-tmp master:quilt/i2c
From ../quilt-tmp
 + e4b1076...a17e9c1 master     -> quilt/i2c  (forced update)
Importing jdelvare-hwmon based on 12250d843e8489ee00b5b7726da855e51694e792
Unchanged quilt series jdelvare-hwmon
Importing device-mapper based on v3.7-rc1
	quilt series is empty
$ git branch -f quilt/device-mapper ddffeb8c4d0331609ef2581d84de4d763607bd37
