Importing hexagon based on v3.1-rc9
Unchanged quilt series hexagon
Importing i2c based on 839d8810747bbf39e0a5a7f223b67bffa7945f8d
	quilt series is empty
$ git update-ref refs/heads/quilt/i2c 839d8810747bbf39e0a5a7f223b67bffa7945f8d
Importing jdelvare-hwmon based on 839d8810747bbf39e0a5a7f223b67bffa7945f8d
$ git clone -s -l -n -q . ../quilt-tmp
$ cd ../quilt-tmp
$ git reset --hard 839d8810747bbf39e0a5a7f223b67bffa7945f8d
HEAD is now at 839d881 Merge branch 'i2c-for-linus' of git://git.kernel.org/pub/scm/linux/kernel/git/jdelvare/staging
$ git am ../quilt/jdelvare-hwmon/hwmon-avoid-building-drivers-for-powerpc-that-read-write-isa-addresses.patch
Applying: hwmon: Avoid building drivers for powerpc that read/write ISA addresses
$ git am ../quilt/jdelvare-hwmon/hwmon-lm73-make-detection-less-problematic.patch
Applying: hwmon: (lm73) Make detection less problematic
$ git am ../quilt/jdelvare-hwmon/hwmon-ibmaem-01-fix-error-paths.patch
Applying: hwmon: (ibmaem) Fix error paths
$ git am ../quilt/jdelvare-hwmon/hwmon-ibmaem-02-independent-instance-initialization.patch
Applying: hwmon: (ibmaem) Make instance initializations independent
$ git am ../quilt/jdelvare-hwmon/hwmon-ibmaem-03-avoid-repeated-kzalloc.patch
Applying: hwmon: (ibmaem) Avoid repeated memory allocations
$ git am ../quilt/jdelvare-hwmon/hwmon-lm90-01-fix-warnings.patch
Applying: hwmon: (lm90) Fix warnings
$ git am ../quilt/jdelvare-hwmon/hwmon-lm90-02-short-var-names.patch
Applying: hwmon: (lm90) Make code more readable
$ git am ../quilt/jdelvare-hwmon/hwmon-smsc47b397-fix-checkpatch-errors.patch
Applying: hwmon: (smsc47b397) Fix checkpatch errors
$ git am ../quilt/jdelvare-hwmon/hwmon-use-smbus-swapped-word-functions.patch
Applying: hwmon: Use i2c_smbus_{read,write}_word_swapped
$ cd ../next
$ git fetch -f ../quilt-tmp master:quilt/jdelvare-hwmon
From ../quilt-tmp
 + ef0ab42...a1933c5 master     -> quilt/jdelvare-hwmon  (forced update)
Importing kernel-doc based on 3.1-rc3
Unchanged quilt series kernel-doc
Importing rr based on v3.1-rc9-93-ga84a79e
$ cd ../quilt-tmp
$ git reset --hard a84a79e4d369a73c0130b5858199e949432da4c6
HEAD is now at a84a79e Avoid using variable-length arrays in kernel/sys.c
$ git am ../quilt/rr/module:kmod_prevent_kmod_loop_msg_overflow_in_request.patch
Applying: kmod: prevent kmod_loop_msg overflow in __request_module()
$ git am ../quilt/rr/misc:params_make_dashes_and_underscores_in_parameter_names_truly_equal.patch
Applying: params: make dashes and underscores in parameter names truly equal
$ git am ../quilt/rr/module:bug_add_taint_oot_flag_for_s_not_built_in_tree.patch
Applying: module,bug: Add TAINT_OOT_MODULE flag for modules not built in-tree
$ git am ../quilt/rr/lguest-weaken-paravirt-restriction.patch
Applying: lguest: Allow running under paravirt-enabled KVM.
$ git am ../quilt/rr/lguest-remove-kvm-cpuid-signature.patch
Applying: lguest: don't allow KVM-detection cpuid.
$ git am ../quilt/rr/lguest:move_process_freezing_before_pending_signals_check.patch
Applying: lguest: move process freezing before pending signals check
$ git am ../quilt/rr/virtio:console_use_config_val_for_retrieving_config.patch
Applying: virtio-console: Use virtio_config_val() for retrieving config
$ git am ../quilt/rr/virtio:config_add_config_val_len.patch
Applying: virtio_config: Add virtio_config_val_len()
$ git am ../quilt/rr/virtio:net_use_config_val_for_retrieving_config.patch
Applying: virtio-net: Use virtio_config_val() for retrieving config
$ git am ../quilt/rr/virtio:h_correct_comment_for_struct_driver.patch
Applying: virtio.h: correct comment for struct virtio_driver
$ git am ../quilt/rr/virtio:fix_size_computation_according_to_the_definition_of_struct_vring_used_in_vring_size.patch
Applying: virtio: modify vring_init and vring_size to take account of the layout containing *_event_idx
$ git am ../quilt/rr/virtio:console_fix_indentation.patch
Applying: virtio: console: Fix indentation
$ git am ../quilt/rr/virtio:console_ignore_port_name_update_request_if_name_already_set.patch
Applying: virtio: console: Ignore port name update request if name already set
$ git am ../quilt/rr/virtio:console_use_wait_event_freezable_instead_of_interruptible.patch
Applying: virtio: console: Use wait_event_freezable instead of _interruptible
$ git am ../quilt/rr/virtio:console_fix_return_type_for_get_inbuf.patch
Applying: virtio: console: Fix return type for get_inbuf()
$ git am ../quilt/rr/virtio:console_make_get_inbuf_return_port_inbuf_if_present.patch
Applying: virtio: console: make get_inbuf() return port->inbuf if present
$ git am ../quilt/rr/virtio:console_rename_variable.patch
Applying: virtio: console: rename variable
$ git am ../quilt/rr/virtio:console_make_discard_port_data_use_get_inbuf.patch
Applying: virtio: console: make discard_port_data() use get_inbuf()
$ git am ../quilt/rr/virtio:console_add_port_stats_for_bytes_received_sent_and_discarded.patch
Applying: virtio: console: add port stats for bytes received, sent and discarded
$ git am ../quilt/rr/virtio:console_wait_for_first_console_port_for_early_console_output.patch
Applying: virtio: console: wait for first console port for early console output
$ git am ../quilt/rr/virtio:dont_add_config_to_list_for_per_vq_vector.patch
Applying: virtio: Dont add "config" to list for !per_vq_vector
$ git am ../quilt/rr/virtio:pci_use_pci_mmio_instead_of_pio_when_available.patch
Applying: virtio-pci: Use PCI MMIO instead of PIO when available
$ git am ../quilt/rr/virtio:add_platform_bus_driver_for_memory_mapped_device.patch
Applying: virtio: Add platform bus driver for memory mapped virtio device
/home/sfr/kernels/next/quilt-tmp/.git/rebase-apply/patch:41: space before tab in indent.
 	tristate "Platform bus driver for memory mapped virtio devices (EXPERIMENTAL)"
/home/sfr/kernels/next/quilt-tmp/.git/rebase-apply/patch:42: space before tab in indent.
 	depends on EXPERIMENTAL
/home/sfr/kernels/next/quilt-tmp/.git/rebase-apply/patch:43: space before tab in indent.
 	select VIRTIO
/home/sfr/kernels/next/quilt-tmp/.git/rebase-apply/patch:44: space before tab in indent.
 	select VIRTIO_RING
/home/sfr/kernels/next/quilt-tmp/.git/rebase-apply/patch:45: space before tab in indent.
 	---help---
warning: squelched 2 whitespace errors
warning: 7 lines add whitespace errors.
$ cd ../next
$ git fetch -f ../quilt-tmp master:quilt/rr
From ../quilt-tmp
 + 7b285a5...6279af1 master     -> quilt/rr  (forced update)
Importing device-mapper based on v3.1
$ cd ../quilt-tmp
$ git reset --hard c3b92c8787367a8bb53d57d9789b558f1295cc96
HEAD is now at c3b92c8 Linux 3.1
$ git am ../quilt/device-mapper/dm-table-propagate-non-rotational-flag.patch
Applying: Allow QUEUE_FLAG_NONROT to propagate up the device stack if all
$ git am ../quilt/device-mapper/dm-use-local-printk-ratelimit.patch
Applying: printk_ratelimit() shares global ratelimiting state with all
$ git am ../quilt/device-mapper/dm-remove-superfluous-smp_mb.patch
Applying: Since set_current_state() contains a memory barrier in it,
$ git am ../quilt/device-mapper/dm-kcopyd-add-dm_kcopyd_zero-to-zero-an-area.patch
Applying: This patch introduces dm_kcopyd_zero() to make it easy to use
$ git am ../quilt/device-mapper/dm-table-add-singleton-feature.patch
Applying: Introduce the concept of a singleton table which contains exactly one target.
$ git am ../quilt/device-mapper/dm-table-add-always-writeable-feature.patch
Applying: Add a target feature flag DM_TARGET_ALWAYS_WRITEABLE to indicate that a target
$ git am ../quilt/device-mapper/dm-table-add-immutable-feature.patch
Applying: Introduce DM_TARGET_IMMUTABLE to indicate that the target type cannot be mixed
$ git am ../quilt/device-mapper/dm-export-dm-get-md.patch
Applying: Export dm_get_md() for the new thin provisioning target to use.
$ git am ../quilt/device-mapper/dm-add-bufio.patch
Applying: The dm-bufio interface allows you to do cached I/O on devices,
$ git am ../quilt/device-mapper/dm-add-persistent-data-library.patch
Applying: The persistent-data library offers a re-usable framework for the storage
$ git am ../quilt/device-mapper/dm-add-thin-provisioning-target.patch
Applying: Initial EXPERIMENTAL implementation of device-mapper thin provisioning
/home/sfr/kernels/next/quilt-tmp/.git/rebase-apply/patch:250: space before tab in indent.
   	Create a new snapshot of another thinly-provisioned device.
warning: 1 line adds whitespace errors.
$ git am ../quilt/device-mapper/dm-log-userspace-fix-comment-hyphens.patch
Applying: Fix comments: clustered-disk needs a hyphen not an underscore.
$ git am ../quilt/device-mapper/dm-log-userspace-add-log-device-dependency.patch
Applying: Allow userspace dm log implementations to register their log device so it
$ git am ../quilt/device-mapper/dm-raid-fix-device-status-indicator-when-array-initializing.patch
Applying: When devices in a RAID array are not in-sync, they are supposed to be
$ cd ../next
$ git fetch -f ../quilt-tmp master:quilt/device-mapper
From ../quilt-tmp
 + d933178...0daefd7 master     -> quilt/device-mapper  (forced update)
